C:/work2/FW_NEW/ai_inertial_analysis_steval_stwinbx1/Middlewares/ST/PnPL_library/PnPL/Src/Ism330dhcx_Acc_PnPL.c:67:19:Ism330dhcx_Acc_PnPLAlloc	16	static
C:/work2/FW_NEW/ai_inertial_analysis_steval_stwinbx1/Middlewares/ST/PnPL_library/PnPL/Src/Ism330dhcx_Acc_PnPL.c:77:9:Ism330dhcx_Acc_PnPLInit	24	static
C:/work2/FW_NEW/ai_inertial_analysis_steval_stwinbx1/Middlewares/ST/PnPL_library/PnPL/Src/Ism330dhcx_Acc_PnPL.c:87:7:Ism330dhcx_Acc_PnPL_vtblGetKey	16	static
C:/work2/FW_NEW/ai_inertial_analysis_steval_stwinbx1/Middlewares/ST/PnPL_library/PnPL/Src/Ism330dhcx_Acc_PnPL.c:92:9:Ism330dhcx_Acc_PnPL_vtblGetNCommands	16	static
C:/work2/FW_NEW/ai_inertial_analysis_steval_stwinbx1/Middlewares/ST/PnPL_library/PnPL/Src/Ism330dhcx_Acc_PnPL.c:97:7:Ism330dhcx_Acc_PnPL_vtblGetCommandKey	16	static
C:/work2/FW_NEW/ai_inertial_analysis_steval_stwinbx1/Middlewares/ST/PnPL_library/PnPL/Src/Ism330dhcx_Acc_PnPL.c:102:9:Ism330dhcx_Acc_PnPL_vtblGetStatus	40	static
C:/work2/FW_NEW/ai_inertial_analysis_steval_stwinbx1/Middlewares/ST/PnPL_library/PnPL/Src/Ism330dhcx_Acc_PnPL.c:141:9:Ism330dhcx_Acc_PnPL_vtblSetProperty	16	static
C:/work2/FW_NEW/ai_inertial_analysis_steval_stwinbx1/Middlewares/ST/PnPL_library/PnPL/Src/Ism330dhcx_Acc_PnPL.c:146:9:Ism330dhcx_Acc_PnPL_vtblExecuteFunction	16	static
